================================================================================
 metR DOCX DocMigrate — MIGRATION SUMMARY REPORT
================================================================================
 Source File           : Printer_Setup_UserGuide.docx
 Converter             : DOCX
 TOTAL Docx Files      : 1
 TOTAL IMAGES Files    : 279
 Started               : 2026-09-28 05:01:29 UTC
 Completed             : 2026-09-28 05:01:42 UTC
 Duration              : 13s
 Overall Status        : SUCCESS
--------------------------------------------------------------------------------

STAGE RESULTS
--------------------------------------------------------------------------------
 Stage             Status              Warnings   Errors   Detail Log
--------------------------------------------------------------------------------
 Upload            SUCCESS             0          0        upload.log
 Pre-flight        SUCCESS             0          0        preflight.log
 Transformation    SUCCESS             0          0        transformation.log
 Post-flight       SUCCESS             0          0        postflight
 AI Enrichment     SUCCESS             3          0        aienrichment
--------------------------------------------------------------------------------

OUTPUT SUMMARY
--------------------------------------------------------------------------------
 Download file         : Printer_Setup_UserGuide.zip
 ROOT DITA map         : printer_user_s_guide.ditamap
 Topics generated      : 64
 DITA maps generated   : 8
 Total suggestions     : 29
 Total schema warnings : 3
 Total schema errors   : 0
--------------------------------------------------------------------------------
The converted files and reports are ready for further review.
================================================================================
